[2026-05-02 08:07:37.046] Kurs-IDs gespeichert: {'Body Workout': '43d191db-0ca9-48e2-9028-c4173a180e54'}
[2026-05-02 08:07:37.046] Vorbereitung abgeschlossen.

Gefunden:
Body Workout: 43d191db-0ca9-48e2-9028-c4173a180e54

Nicht gefunden:
Cross-Power
Functional Training
[2026-05-02 08:07:37.395] Home Assistant Notification Status: 200
[2026-05-02 08:09:54.427] Kurs-IDs gespeichert: {'Body Workout': '43d191db-0ca9-48e2-9028-c4173a180e54'}
[2026-05-02 08:09:54.427] Vorbereitung abgeschlossen.

Gefunden:
Body Workout: 43d191db-0ca9-48e2-9028-c4173a180e54

Nicht gefunden:
Cross-Power
Functional Training
[2026-05-02 08:09:54.711] Home Assistant Notification Status: 200
[2026-05-02 08:10:00.038] Body Workout: Versuch 1, Status 200, 273 ms, Antwort: {"errors":[{"field":"Error","type":"Validation","details":"","errorMessage":"Booking has not opened, yet.","message":"Booking has not opened, yet."}]}
[2026-05-02 08:10:00.245] Body Workout: Versuch 2, Status 200, 107 ms, Antwort: {"errors":[{"field":"Error","type":"Validation","details":"","errorMessage":"Booking has not opened, yet.","message":"Booking has not opened, yet."}]}
[2026-05-02 08:10:00.463] Body Workout: Versuch 3, Status 200, 118 ms, Antwort: {"errors":[{"field":"Error","type":"Validation","details":"","errorMessage":"Booking has not opened, yet.","message":"Booking has not opened, yet."}]}
[2026-05-02 08:10:00.671] Body Workout: Versuch 4, Status 200, 107 ms, Antwort: {"errors":[{"field":"Error","type":"Validation","details":"","errorMessage":"Booking has not opened, yet.","message":"Booking has not opened, yet."}]}
[2026-05-02 08:10:00.880] Body Workout: Versuch 5, Status 200, 109 ms, Antwort: {"errors":[{"field":"Error","type":"Validation","details":"","errorMessage":"Booking has not opened, yet.","message":"Booking has not opened, yet."}]}
[2026-05-02 08:10:01.102] Body Workout: Versuch 6, Status 200, 122 ms, Antwort: {"errors":[{"field":"Error","type":"Validation","details":"","errorMessage":"Booking has not opened, yet.","message":"Booking has not opened, yet."}]}
[2026-05-02 08:10:01.319] Body Workout: Versuch 7, Status 200, 117 ms, Antwort: {"errors":[{"field":"Error","type":"Validation","details":"","errorMessage":"Booking has not opened, yet.","message":"Booking has not opened, yet."}]}
[2026-05-02 08:10:01.546] Body Workout: Versuch 8, Status 200, 127 ms, Antwort: {"errors":[{"field":"Error","type":"Validation","details":"","errorMessage":"Booking has not opened, yet.","message":"Booking has not opened, yet."}]}
[2026-05-02 08:10:01.755] Body Workout: Versuch 9, Status 200, 108 ms, Antwort: {"errors":[{"field":"Error","type":"Validation","details":"","errorMessage":"Booking has not opened, yet.","message":"Booking has not opened, yet."}]}
[2026-05-02 08:10:01.960] Body Workout: Versuch 10, Status 200, 105 ms, Antwort: {"errors":[{"field":"Error","type":"Validation","details":"","errorMessage":"Booking has not opened, yet.","message":"Booking has not opened, yet."}]}
[2026-05-02 08:10:02.189] Body Workout: Versuch 11, Status 200, 128 ms, Antwort: {"errors":[{"field":"Error","type":"Validation","details":"","errorMessage":"Booking has not opened, yet.","message":"Booking has not opened, yet."}]}
[2026-05-02 08:10:02.389] Body Workout: Versuch 12, Status 200, 101 ms, Antwort: {"errors":[{"field":"Error","type":"Validation","details":"","errorMessage":"Booking has not opened, yet.","message":"Booking has not opened, yet."}]}
[2026-05-02 08:10:02.606] Body Workout: Versuch 13, Status 200, 116 ms, Antwort: {"errors":[{"field":"Error","type":"Validation","details":"","errorMessage":"Booking has not opened, yet.","message":"Booking has not opened, yet."}]}
[2026-05-02 08:10:02.792] Body Workout: Versuch 14, Status 200, 87 ms, Antwort: {"errors":[{"field":"Error","type":"Validation","details":"","errorMessage":"Booking has not opened, yet.","message":"Booking has not opened, yet."}]}
[2026-05-02 08:10:03.025] Body Workout: Versuch 15, Status 200, 132 ms, Antwort: {"errors":[{"field":"Error","type":"Validation","details":"","errorMessage":"Booking has not opened, yet.","message":"Booking has not opened, yet."}]}
[2026-05-02 08:10:03.218] Body Workout: Versuch 16, Status 200, 93 ms, Antwort: {"errors":[{"field":"Error","type":"Validation","details":"","errorMessage":"Booking has not opened, yet.","message":"Booking has not opened, yet."}]}
[2026-05-02 08:10:03.441] Body Workout: Versuch 17, Status 200, 122 ms, Antwort: {"errors":[{"field":"Error","type":"Validation","details":"","errorMessage":"Booking has not opened, yet.","message":"Booking has not opened, yet."}]}
[2026-05-02 08:10:03.627] Body Workout: Versuch 18, Status 200, 86 ms, Antwort: {"errors":[{"field":"Error","type":"Validation","details":"","errorMessage":"Booking has not opened, yet.","message":"Booking has not opened, yet."}]}
[2026-05-02 08:10:03.831] Body Workout: Versuch 19, Status 200, 104 ms, Antwort: {"errors":[{"field":"Error","type":"Validation","details":"","errorMessage":"Booking has not opened, yet.","message":"Booking has not opened, yet."}]}
[2026-05-02 08:10:04.045] Body Workout: Versuch 20, Status 200, 114 ms, Antwort: {"errors":[{"field":"Error","type":"Validation","details":"","errorMessage":"Booking has not opened, yet.","message":"Booking has not opened, yet."}]}
[2026-05-02 08:10:04.256] Body Workout: Versuch 21, Status 200, 110 ms, Antwort: {"errors":[{"field":"Error","type":"Validation","details":"","errorMessage":"Booking has not opened, yet.","message":"Booking has not opened, yet."}]}
[2026-05-02 08:10:04.472] Body Workout: Versuch 22, Status 200, 116 ms, Antwort: {"errors":[{"field":"Error","type":"Validation","details":"","errorMessage":"Booking has not opened, yet.","message":"Booking has not opened, yet."}]}
[2026-05-02 08:10:04.672] Body Workout: Versuch 23, Status 200, 100 ms, Antwort: {"errors":[{"field":"Error","type":"Validation","details":"","errorMessage":"Booking has not opened, yet.","message":"Booking has not opened, yet."}]}
[2026-05-02 08:10:04.882] Body Workout: Versuch 24, Status 200, 110 ms, Antwort: {"errors":[{"field":"Error","type":"Validation","details":"","errorMessage":"Booking has not opened, yet.","message":"Booking has not opened, yet."}]}
[2026-05-02 08:10:05.129] Body Workout: Versuch 25, Status 200, 146 ms, Antwort: {"errors":[{"field":"Error","type":"Validation","details":"","errorMessage":"Booking has not opened, yet.","message":"Booking has not opened, yet."}]}
[2026-05-02 08:10:05.318] Body Workout: Versuch 26, Status 200, 89 ms, Antwort: {"errors":[{"field":"Error","type":"Validation","details":"","errorMessage":"Booking has not opened, yet.","message":"Booking has not opened, yet."}]}
[2026-05-02 08:10:05.521] Body Workout: Versuch 27, Status 200, 103 ms, Antwort: {"errors":[{"field":"Error","type":"Validation","details":"","errorMessage":"Booking has not opened, yet.","message":"Booking has not opened, yet."}]}
[2026-05-02 08:10:05.725] Body Workout: Versuch 28, Status 200, 104 ms, Antwort: {"errors":[{"field":"Error","type":"Validation","details":"","errorMessage":"Booking has not opened, yet.","message":"Booking has not opened, yet."}]}
[2026-05-02 08:10:05.921] Body Workout: Versuch 29, Status 200, 96 ms, Antwort: {"errors":[{"field":"Error","type":"Validation","details":"","errorMessage":"Booking has not opened, yet.","message":"Booking has not opened, yet."}]}
[2026-05-02 08:10:06.128] Body Workout: Versuch 30, Status 200, 107 ms, Antwort: {"errors":[{"field":"Error","type":"Validation","details":"","errorMessage":"Booking has not opened, yet.","message":"Booking has not opened, yet."}]}
[2026-05-02 08:10:06.128] Cross-Power: Keine Kurs-ID gespeichert.

Functional Training: Keine Kurs-ID gespeichert.

Body Workout: Buchung nicht geöffnet nach 30 Versuchen.
[2026-05-02 08:10:06.129] Keine erfolgreiche Buchung erkannt. Keine Push gesendet.
[2026-05-02 08:10:06.129] Buchung abgeschlossen.
[2026-05-02 08:14:20.742] Kurs-IDs gespeichert: {'Body Workout': '43d191db-0ca9-48e2-9028-c4173a180e54'}
[2026-05-02 08:14:20.742] Vorbereitung abgeschlossen.

Gefunden:
Body Workout: 43d191db-0ca9-48e2-9028-c4173a180e54

Nicht gefunden:
Cross-Power
Functional Training
[2026-05-02 08:14:21.057] Home Assistant Notification Status: 200
[2026-05-02 17:00:00.946] Kurs-IDs gespeichert: {'Body Workout': '43d191db-0ca9-48e2-9028-c4173a180e54'}
[2026-05-02 17:00:00.946] Vorbereitung abgeschlossen.

Gefunden:
Body Workout: 43d191db-0ca9-48e2-9028-c4173a180e54

Nicht gefunden:
Cross-Power
Functional Training
[2026-05-02 17:00:02.952] Fehler bei Home Assistant Notification: HTTPConnectionPool(host='homeassistant.local', port=8123): Read timed out. (read timeout=2)
