[2026-05-02 08:07:37.046] Kurs-IDs gespeichert: {'Body Workout': '43d191db-0ca9-48e2-9028-c4173a180e54'}
[2026-05-02 08:07:37.046] Vorbereitung abgeschlossen.

Gefunden:
Body Workout: 43d191db-0ca9-48e2-9028-c4173a180e54

Nicht gefunden:
Cross-Power
Functional Training
[2026-05-02 08:07:37.395] Home Assistant Notification Status: 200
[2026-05-02 08:09:54.427] Kurs-IDs gespeichert: {'Body Workout': '43d191db-0ca9-48e2-9028-c4173a180e54'}
[2026-05-02 08:09:54.427] Vorbereitung abgeschlossen.

Gefunden:
Body Workout: 43d191db-0ca9-48e2-9028-c4173a180e54

Nicht gefunden:
Cross-Power
Functional Training
[2026-05-02 08:09:54.711] Home Assistant Notification Status: 200
[2026-05-02 08:10:00.038] Body Workout: Versuch 1, Status 200, 273 ms, Antwort: {"errors":[{"field":"Error","type":"Validation","details":"","errorMessage":"Booking has not opened, yet.","message":"Booking has not opened, yet."}]}
[2026-05-02 08:10:00.245] Body Workout: Versuch 2, Status 200, 107 ms, Antwort: {"errors":[{"field":"Error","type":"Validation","details":"","errorMessage":"Booking has not opened, yet.","message":"Booking has not opened, yet."}]}
[2026-05-02 08:10:00.463] Body Workout: Versuch 3, Status 200, 118 ms, Antwort: {"errors":[{"field":"Error","type":"Validation","details":"","errorMessage":"Booking has not opened, yet.","message":"Booking has not opened, yet."}]}
[2026-05-02 08:10:00.671] Body Workout: Versuch 4, Status 200, 107 ms, Antwort: {"errors":[{"field":"Error","type":"Validation","details":"","errorMessage":"Booking has not opened, yet.","message":"Booking has not opened, yet."}]}
[2026-05-02 08:10:00.880] Body Workout: Versuch 5, Status 200, 109 ms, Antwort: {"errors":[{"field":"Error","type":"Validation","details":"","errorMessage":"Booking has not opened, yet.","message":"Booking has not opened, yet."}]}
[2026-05-02 08:10:01.102] Body Workout: Versuch 6, Status 200, 122 ms, Antwort: {"errors":[{"field":"Error","type":"Validation","details":"","errorMessage":"Booking has not opened, yet.","message":"Booking has not opened, yet."}]}
[2026-05-02 08:10:01.319] Body Workout: Versuch 7, Status 200, 117 ms, Antwort: {"errors":[{"field":"Error","type":"Validation","details":"","errorMessage":"Booking has not opened, yet.","message":"Booking has not opened, yet."}]}
[2026-05-02 08:10:01.546] Body Workout: Versuch 8, Status 200, 127 ms, Antwort: {"errors":[{"field":"Error","type":"Validation","details":"","errorMessage":"Booking has not opened, yet.","message":"Booking has not opened, yet."}]}
[2026-05-02 08:10:01.755] Body Workout: Versuch 9, Status 200, 108 ms, Antwort: {"errors":[{"field":"Error","type":"Validation","details":"","errorMessage":"Booking has not opened, yet.","message":"Booking has not opened, yet."}]}
[2026-05-02 08:10:01.960] Body Workout: Versuch 10, Status 200, 105 ms, Antwort: {"errors":[{"field":"Error","type":"Validation","details":"","errorMessage":"Booking has not opened, yet.","message":"Booking has not opened, yet."}]}
[2026-05-02 08:10:02.189] Body Workout: Versuch 11, Status 200, 128 ms, Antwort: {"errors":[{"field":"Error","type":"Validation","details":"","errorMessage":"Booking has not opened, yet.","message":"Booking has not opened, yet."}]}
[2026-05-02 08:10:02.389] Body Workout: Versuch 12, Status 200, 101 ms, Antwort: {"errors":[{"field":"Error","type":"Validation","details":"","errorMessage":"Booking has not opened, yet.","message":"Booking has not opened, yet."}]}
[2026-05-02 08:10:02.606] Body Workout: Versuch 13, Status 200, 116 ms, Antwort: {"errors":[{"field":"Error","type":"Validation","details":"","errorMessage":"Booking has not opened, yet.","message":"Booking has not opened, yet."}]}
[2026-05-02 08:10:02.792] Body Workout: Versuch 14, Status 200, 87 ms, Antwort: {"errors":[{"field":"Error","type":"Validation","details":"","errorMessage":"Booking has not opened, yet.","message":"Booking has not opened, yet."}]}
[2026-05-02 08:10:03.025] Body Workout: Versuch 15, Status 200, 132 ms, Antwort: {"errors":[{"field":"Error","type":"Validation","details":"","errorMessage":"Booking has not opened, yet.","message":"Booking has not opened, yet."}]}
[2026-05-02 08:10:03.218] Body Workout: Versuch 16, Status 200, 93 ms, Antwort: {"errors":[{"field":"Error","type":"Validation","details":"","errorMessage":"Booking has not opened, yet.","message":"Booking has not opened, yet."}]}
[2026-05-02 08:10:03.441] Body Workout: Versuch 17, Status 200, 122 ms, Antwort: {"errors":[{"field":"Error","type":"Validation","details":"","errorMessage":"Booking has not opened, yet.","message":"Booking has not opened, yet."}]}
[2026-05-02 08:10:03.627] Body Workout: Versuch 18, Status 200, 86 ms, Antwort: {"errors":[{"field":"Error","type":"Validation","details":"","errorMessage":"Booking has not opened, yet.","message":"Booking has not opened, yet."}]}
[2026-05-02 08:10:03.831] Body Workout: Versuch 19, Status 200, 104 ms, Antwort: {"errors":[{"field":"Error","type":"Validation","details":"","errorMessage":"Booking has not opened, yet.","message":"Booking has not opened, yet."}]}
[2026-05-02 08:10:04.045] Body Workout: Versuch 20, Status 200, 114 ms, Antwort: {"errors":[{"field":"Error","type":"Validation","details":"","errorMessage":"Booking has not opened, yet.","message":"Booking has not opened, yet."}]}
[2026-05-02 08:10:04.256] Body Workout: Versuch 21, Status 200, 110 ms, Antwort: {"errors":[{"field":"Error","type":"Validation","details":"","errorMessage":"Booking has not opened, yet.","message":"Booking has not opened, yet."}]}
[2026-05-02 08:10:04.472] Body Workout: Versuch 22, Status 200, 116 ms, Antwort: {"errors":[{"field":"Error","type":"Validation","details":"","errorMessage":"Booking has not opened, yet.","message":"Booking has not opened, yet."}]}
[2026-05-02 08:10:04.672] Body Workout: Versuch 23, Status 200, 100 ms, Antwort: {"errors":[{"field":"Error","type":"Validation","details":"","errorMessage":"Booking has not opened, yet.","message":"Booking has not opened, yet."}]}
[2026-05-02 08:10:04.882] Body Workout: Versuch 24, Status 200, 110 ms, Antwort: {"errors":[{"field":"Error","type":"Validation","details":"","errorMessage":"Booking has not opened, yet.","message":"Booking has not opened, yet."}]}
[2026-05-02 08:10:05.129] Body Workout: Versuch 25, Status 200, 146 ms, Antwort: {"errors":[{"field":"Error","type":"Validation","details":"","errorMessage":"Booking has not opened, yet.","message":"Booking has not opened, yet."}]}
[2026-05-02 08:10:05.318] Body Workout: Versuch 26, Status 200, 89 ms, Antwort: {"errors":[{"field":"Error","type":"Validation","details":"","errorMessage":"Booking has not opened, yet.","message":"Booking has not opened, yet."}]}
[2026-05-02 08:10:05.521] Body Workout: Versuch 27, Status 200, 103 ms, Antwort: {"errors":[{"field":"Error","type":"Validation","details":"","errorMessage":"Booking has not opened, yet.","message":"Booking has not opened, yet."}]}
[2026-05-02 08:10:05.725] Body Workout: Versuch 28, Status 200, 104 ms, Antwort: {"errors":[{"field":"Error","type":"Validation","details":"","errorMessage":"Booking has not opened, yet.","message":"Booking has not opened, yet."}]}
[2026-05-02 08:10:05.921] Body Workout: Versuch 29, Status 200, 96 ms, Antwort: {"errors":[{"field":"Error","type":"Validation","details":"","errorMessage":"Booking has not opened, yet.","message":"Booking has not opened, yet."}]}
[2026-05-02 08:10:06.128] Body Workout: Versuch 30, Status 200, 107 ms, Antwort: {"errors":[{"field":"Error","type":"Validation","details":"","errorMessage":"Booking has not opened, yet.","message":"Booking has not opened, yet."}]}
[2026-05-02 08:10:06.128] Cross-Power: Keine Kurs-ID gespeichert.

Functional Training: Keine Kurs-ID gespeichert.

Body Workout: Buchung nicht geöffnet nach 30 Versuchen.
[2026-05-02 08:10:06.129] Keine erfolgreiche Buchung erkannt. Keine Push gesendet.
[2026-05-02 08:10:06.129] Buchung abgeschlossen.
[2026-05-02 08:14:20.742] Kurs-IDs gespeichert: {'Body Workout': '43d191db-0ca9-48e2-9028-c4173a180e54'}
[2026-05-02 08:14:20.742] Vorbereitung abgeschlossen.

Gefunden:
Body Workout: 43d191db-0ca9-48e2-9028-c4173a180e54

Nicht gefunden:
Cross-Power
Functional Training
[2026-05-02 08:14:21.057] Home Assistant Notification Status: 200
[2026-05-02 17:00:00.946] Kurs-IDs gespeichert: {'Body Workout': '43d191db-0ca9-48e2-9028-c4173a180e54'}
[2026-05-02 17:00:00.946] Vorbereitung abgeschlossen.

Gefunden:
Body Workout: 43d191db-0ca9-48e2-9028-c4173a180e54

Nicht gefunden:
Cross-Power
Functional Training
[2026-05-02 17:00:02.952] Fehler bei Home Assistant Notification: HTTPConnectionPool(host='homeassistant.local', port=8123): Read timed out. (read timeout=2)
[2026-05-02 20:59:58.842] Body Workout: Versuch 1, Status 200, 288 ms, Antwort: {"errors":[{"field":"Error","type":"Validation","details":"","errorMessage":"Booking has not opened, yet.","message":"Booking has not opened, yet."}]}
[2026-05-02 20:59:59.050] Body Workout: Versuch 2, Status 200, 108 ms, Antwort: {"errors":[{"field":"Error","type":"Validation","details":"","errorMessage":"Booking has not opened, yet.","message":"Booking has not opened, yet."}]}
[2026-05-02 20:59:59.268] Body Workout: Versuch 3, Status 200, 118 ms, Antwort: {"errors":[{"field":"Error","type":"Validation","details":"","errorMessage":"Booking has not opened, yet.","message":"Booking has not opened, yet."}]}
[2026-05-02 20:59:59.506] Body Workout: Versuch 4, Status 200, 137 ms, Antwort: {"errors":[{"field":"Error","type":"Validation","details":"","errorMessage":"Booking has not opened, yet.","message":"Booking has not opened, yet."}]}
[2026-05-02 20:59:59.715] Body Workout: Versuch 5, Status 200, 109 ms, Antwort: {"errors":[{"field":"Error","type":"Validation","details":"","errorMessage":"Booking has not opened, yet.","message":"Booking has not opened, yet."}]}
[2026-05-02 20:59:59.923] Body Workout: Versuch 6, Status 200, 107 ms, Antwort: {"errors":[{"field":"Error","type":"Validation","details":"","errorMessage":"Booking has not opened, yet.","message":"Booking has not opened, yet."}]}
[2026-05-02 21:00:00.203] Body Workout: Versuch 7, Status 200, 180 ms, Antwort: {"data":"Booked","token":"MjAyNjA1MDIxOTAwMDB8NTAzZjA4MjQzOTRlNGNiNGFhZDk4OWUxMmQ3ZGI2MDZ8ZWMxZDM4ZDdkMzU5NDhkMGE2MGNkOGMwYjhmYjlkZjl8M3xXLiBFdXJvcGUgU3RhbmRhcmQgVGltZXxkZS1ERXxiNDdjMjMzMmNkMDM0YmFhYjBmZGEyNmIzMmVhZGMzYXx8fHwxfDF8MHwxMDB8fHw1OHw1OTI0fDB8Y29tLm15d2VsbG5lc3M1.73F9C27B2C006ABDB93EA709D1F64CE8CC5FFDF0CE52C446E687145DB8D64DB4CE3D1B910A4422C3C7130EA292179829D1E5F9E009393861E7A47D8E098F4125","version":"1.1.170.26737","expireIn":31104000}
[2026-05-02 21:00:00.203] Cross-Power: Keine Kurs-ID gespeichert.

Functional Training: Keine Kurs-ID gespeichert.

Body Workout: Versuch 7, Status 200, 180 ms, Antwort: {"data":"Booked","token":"MjAyNjA1MDIxOTAwMDB8NTAzZjA4MjQzOTRlNGNiNGFhZDk4OWUxMmQ3ZGI2MDZ8ZWMxZDM4ZDdkMzU5NDhkMGE2MGNkOGMwYjhmYjlkZjl8M3xXLiBFdXJvcGUgU3RhbmRhcmQgVGltZXxkZS1ERXxiNDdjMjMzMmNkMDM0YmFhYjBmZGEyNmIzMmVhZGMzYXx8fHwxfDF8MHwxMDB8fHw1OHw1OTI0fDB8Y29tLm15d2VsbG5lc3M1.73F9C27B2C006ABDB93EA709D1F64CE8CC5FFDF0CE52C446E687145DB8D64DB4CE3D1B910A4422C3C7130EA292179829D1E5F9E009393861E7A47D8E098F4125","version":"1.1.170.26737","expireIn":31104000}
[2026-05-02 21:00:00.515] Home Assistant Notification Status: 200
[2026-05-02 21:00:00.515] Buchung abgeschlossen.
[2026-05-03 17:00:00.764] Kurs-IDs gespeichert: {'Body Workout': '8d948761-11cf-4901-9afc-a554fac2c534'}
[2026-05-03 17:00:00.764] Vorbereitung abgeschlossen.

Gefunden:
Body Workout: 8d948761-11cf-4901-9afc-a554fac2c534

Nicht gefunden:
Cross-Power
Functional Training
[2026-05-03 17:00:02.769] Fehler bei Home Assistant Notification: HTTPConnectionPool(host='homeassistant.local', port=8123): Read timed out. (read timeout=2)
[2026-05-03 20:59:58.755] Body Workout: Versuch 1, Status 200, 300 ms, Antwort: {"errors":[{"field":"Error","type":"Validation","details":"","errorMessage":"Booking has not opened, yet.","message":"Booking has not opened, yet."}]}
[2026-05-03 20:59:58.962] Body Workout: Versuch 2, Status 200, 107 ms, Antwort: {"errors":[{"field":"Error","type":"Validation","details":"","errorMessage":"Booking has not opened, yet.","message":"Booking has not opened, yet."}]}
[2026-05-03 20:59:59.168] Body Workout: Versuch 3, Status 200, 106 ms, Antwort: {"errors":[{"field":"Error","type":"Validation","details":"","errorMessage":"Booking has not opened, yet.","message":"Booking has not opened, yet."}]}
[2026-05-03 20:59:59.359] Body Workout: Versuch 4, Status 200, 90 ms, Antwort: {"errors":[{"field":"Error","type":"Validation","details":"","errorMessage":"Booking has not opened, yet.","message":"Booking has not opened, yet."}]}
[2026-05-03 20:59:59.587] Body Workout: Versuch 5, Status 200, 128 ms, Antwort: {"errors":[{"field":"Error","type":"Validation","details":"","errorMessage":"Booking has not opened, yet.","message":"Booking has not opened, yet."}]}
[2026-05-03 20:59:59.816] Body Workout: Versuch 6, Status 200, 128 ms, Antwort: {"errors":[{"field":"Error","type":"Validation","details":"","errorMessage":"Booking has not opened, yet.","message":"Booking has not opened, yet."}]}
[2026-05-03 21:00:00.103] Body Workout: Versuch 7, Status 200, 186 ms, Antwort: {"data":"Booked","token":"MjAyNjA1MDMxOTAwMDB8NTAzZjA4MjQzOTRlNGNiNGFhZDk4OWUxMmQ3ZGI2MDZ8ZWMxZDM4ZDdkMzU5NDhkMGE2MGNkOGMwYjhmYjlkZjl8M3xXLiBFdXJvcGUgU3RhbmRhcmQgVGltZXxkZS1ERXxiNDdjMjMzMmNkMDM0YmFhYjBmZGEyNmIzMmVhZGMzYXx8fHwxfDF8MHwxMDB8fHw1OHw1OTI0fDB8Y29tLm15d2VsbG5lc3M1.E4ABE73C0B0F21EEE31F6B6E3E8DCC345BDA5615C73B1B8266B21E73D9C722C1910B143B77CA689C0F9CC9C5A91CA14868167E1B547FCC3BE89752388665F45F","version":"1.1.170.26737","expireIn":31104000}
[2026-05-03 21:00:00.103] Cross-Power: Keine Kurs-ID gespeichert.

Functional Training: Keine Kurs-ID gespeichert.

Body Workout: Versuch 7, Status 200, 186 ms, Antwort: {"data":"Booked","token":"MjAyNjA1MDMxOTAwMDB8NTAzZjA4MjQzOTRlNGNiNGFhZDk4OWUxMmQ3ZGI2MDZ8ZWMxZDM4ZDdkMzU5NDhkMGE2MGNkOGMwYjhmYjlkZjl8M3xXLiBFdXJvcGUgU3RhbmRhcmQgVGltZXxkZS1ERXxiNDdjMjMzMmNkMDM0YmFhYjBmZGEyNmIzMmVhZGMzYXx8fHwxfDF8MHwxMDB8fHw1OHw1OTI0fDB8Y29tLm15d2VsbG5lc3M1.E4ABE73C0B0F21EEE31F6B6E3E8DCC345BDA5615C73B1B8266B21E73D9C722C1910B143B77CA689C0F9CC9C5A91CA14868167E1B547FCC3BE89752388665F45F","version":"1.1.170.26737","expireIn":31104000}
[2026-05-03 21:00:00.523] Home Assistant Notification Status: 200
[2026-05-03 21:00:00.523] Buchung abgeschlossen.
[2026-05-03 23:14:59.626] Kurs-IDs gespeichert: {'Body Workout': '8d948761-11cf-4901-9afc-a554fac2c534'}
[2026-05-03 23:14:59.626] Vorbereitung abgeschlossen.

Gefunden:
Body Workout: 8d948761-11cf-4901-9afc-a554fac2c534

Nicht gefunden:
Cross-Power
Functional Training
[2026-05-03 23:14:59.976] Home Assistant Notification Status: 200
